// Bun Snapshot v1, https://bun.sh/docs/test/snapshots

exports[`renderMarkdownHelp() matches snapshot 1`] = `
"# Usage

### bunpie [OPTIONS] [METHOD] URL [REQUEST_ITEM ...]

## Examples

\\`\\`\\`
bunpie example.com
bunpie GET https://example.com
bunpie POST https://example.com/api
bunpie example.com foo:bar
bunpie example.com foo==bar
bunpie example.com name=bun count:=42
\\`\\`\\`

## Current capabilities

The current CLI sends one HTTP request and prints the parsed response body. It supports URL normalization, explicit HTTP methods from the supported method list, HTTPie-style headers/query/body request items, JSON or form fields, \`--follow\`, \`--help\`, \`--version\`, and \`--verbose\`.

Response status lines and headers, authentication, file uploads, downloads, sessions, and other HTTPie parity features are not implemented yet. See \`TODO.md\` for planned work; that list is not a list of currently available commands or options.

## Options

\\`-h\\`, \`--help\\` 	Show this help message and exit.\\\\
\\`-v\\`, \`--verbose\\` 	Verbose output.\\\\
\\`-V\\`, \`--version\\` 	Show version and exit.\\\\
\\`-j\\`, \`--json\\` 	(default) Data items from the command line are serialized as a JSON object. The Content-Type and Accept headers are set to application/json (if not specified).\\\\
\\`-f\\`, \`--form\\` 	Data items from the command line are serialized as form fields. The Content-Type is set to application/x-www-form-urlencoded (if not specified). The presence of any file fields results in a multipart/form-data request.\\\\
\\`-F\\`, \`--follow\\` 	Follow Location redirects.

##### For every --OPTION there is also a --no-OPTION."
`;
