// Bun Snapshot v1, https://bun.sh/docs/test/snapshots

exports[`help() matches snapshot 1`] = `
"# Usage

### bunpie [OPTIONS] [METHOD] URL [REQUEST_ITEM ...]

## Examples

## Options

\`-h\`, \`--help\` 	Show this help message and exit.\\
\`-v\`, \`--verbose\` 	Verbose output.\\
\`--version\` 	Show version and exit.

##### For every --OPTION there is also a --no-OPTION."
`;
